   1               		.file	"segment1.c"
   2               	__SREG__ = 0x3f
   3               	__SP_H__ = 0x3e
   4               	__SP_L__ = 0x3d
   5               	__CCP__  = 0x34
   6               	__tmp_reg__ = 0
   7               	__zero_reg__ = 1
  15               	.Ltext0:
  16               	.global	port_init
  18               	port_init:
  19               	.LFB7:
  20               	.LM1:
  21               	/* prologue: function */
  22               	/* frame size = 0 */
  23               	.LM2:
  24 0000 1BBA      		out 59-32,__zero_reg__
  25               	.LM3:
  26 0002 8FEF      		ldi r24,lo8(-1)
  27 0004 8ABB      		out 58-32,r24
  28               	.LM4:
  29 0006 18BA      		out 56-32,__zero_reg__
  30               	.LM5:
  31 0008 17BA      		out 55-32,__zero_reg__
  32               	.LM6:
  33 000a 15BA      		out 53-32,__zero_reg__
  34               	.LM7:
  35 000c 83E0      		ldi r24,lo8(3)
  36 000e 84BB      		out 52-32,r24
  37               	.LM8:
  38 0010 12BA      		out 50-32,__zero_reg__
  39               	.LM9:
  40 0012 11BA      		out 49-32,__zero_reg__
  41               	.LM10:
  42 0014 13B8      		out 35-32,__zero_reg__
  43               	.LM11:
  44 0016 12B8      		out 34-32,__zero_reg__
  45               	.LM12:
  46 0018 1092 6200 		sts 98,__zero_reg__
  47               	.LM13:
  48 001c 1092 6100 		sts 97,__zero_reg__
  49               	.LM14:
  50 0020 1092 6500 		sts 101,__zero_reg__
  51               	.LM15:
  52 0024 8093 6400 		sts 100,r24
  53               	/* epilogue start */
  54               	.LM16:
  55 0028 0895      		ret
  56               	.LFE7:
  58               	.global	main
  60               	main:
  61               	.LFB8:
  62               	.LM17:
  63 002a DF92      		push r13
  64 002c EF92      		push r14
  65 002e FF92      		push r15
  66 0030 0F93      		push r16
  67 0032 1F93      		push r17
  68               	/* prologue: function */
  69               	/* frame size = 0 */
  70               	.LM18:
  71 0034 0E94 0000 		call port_init
  72               	.LM19:
  73 0038 8FE0      		ldi r24,lo8(15)
  74 003a 8093 0380 		sts -32765,r24
  75               	.LM20:
  76 003e 80E8      		ldi r24,lo8(-128)
  77 0040 85BF      		out 85-32,r24
  78               	.LM21:
  79 0042 8FEF      		ldi r24,lo8(-1)
  80 0044 82BB      		out 50-32,r24
  81               	.LM22:
  82 0046 81BB      		out 49-32,r24
  83 0048 80E0      		ldi r24,lo8(0)
  84               	.LVL0:
  85               	.LBB30:
  86               	.LBB31:
  87               	.LBB32:
  88               	.LBB33:
  89               	.LM23:
  90 004a 4CED      		ldi r20,lo8(1500)
  91 004c 55E0      		ldi r21,hi8(1500)
  92               	.LBE33:
  93               	.LBE32:
  94               	.LBE31:
  95               	.LBE30:
  96               	.LM24:
  97 004e 3EEF      		ldi r19,lo8(-2)
  98 0050 D32E      		mov r13,r19
  99               	.LM25:
 100 0052 2DEF      		ldi r18,lo8(-3)
 101 0054 E22E      		mov r14,r18
 102               	.LM26:
 103 0056 9BEF      		ldi r25,lo8(-5)
 104 0058 F92E      		mov r15,r25
 105               	.LM27:
 106 005a 07EF      		ldi r16,lo8(-9)
 107               	.LVL1:
 108               	.L6:
 109               	.LM28:
 110 005c 382F      		mov r19,r24
 111               	.LVL2:
 112               	.L5:
 113               	.LM29:
 114 005e 832F      		mov r24,r19
 115 0060 61E1      		ldi r22,lo8(17)
 116 0062 0E94 0000 		call __udivmodqi4
 117 0066 E92F      		mov r30,r25
 118 0068 F0E0      		ldi r31,lo8(0)
 119 006a E050      		subi r30,lo8(-(display_num))
 120 006c F040      		sbci r31,hi8(-(display_num))
 121 006e E081      		ld r30,Z
 122 0070 F0E0      		ldi r31,lo8(0)
 123 0072 E050      		subi r30,lo8(-(segment_data))
 124 0074 F040      		sbci r31,hi8(-(segment_data))
 125 0076 1081      		ld r17,Z
 126               	.LM30:
 127 0078 A32F      		mov r26,r19
 128 007a B0E0      		ldi r27,lo8(0)
 129 007c A050      		subi r26,lo8(-(display_num))
 130 007e B040      		sbci r27,hi8(-(display_num))
 131 0080 1196      		adiw r26,1
 132 0082 EC91      		ld r30,X
 133 0084 1197      		sbiw r26,1
 134 0086 F0E0      		ldi r31,lo8(0)
 135 0088 E050      		subi r30,lo8(-(segment_data))
 136 008a F040      		sbci r31,hi8(-(segment_data))
 137 008c 7081      		ld r23,Z
 138               	.LM31:
 139 008e 1296      		adiw r26,2
 140 0090 EC91      		ld r30,X
 141 0092 1297      		sbiw r26,2
 142 0094 F0E0      		ldi r31,lo8(0)
 143 0096 E050      		subi r30,lo8(-(segment_data))
 144 0098 F040      		sbci r31,hi8(-(segment_data))
 145 009a 6081      		ld r22,Z
 146               	.LM32:
 147 009c 1396      		adiw r26,3
 148 009e EC91      		ld r30,X
 149 00a0 F0E0      		ldi r31,lo8(0)
 150 00a2 E050      		subi r30,lo8(-(segment_data))
 151 00a4 F040      		sbci r31,hi8(-(segment_data))
 152 00a6 E081      		ld r30,Z
 153 00a8 20E0      		ldi r18,lo8(0)
 154               	.L4:
 155               	.LM33:
 156 00aa D092 0380 		sts -32765,r13
 157               	.LM34:
 158 00ae 1093 0280 		sts -32766,r17
 159               	.LBB37:
 160               	.LBB36:
 161               	.LBB35:
 162               	.LBB34:
 163               	.LM35:
 164 00b2 CA01      		movw r24,r20
 165               	.LVL3:
 166               	/* #APP */
 167               	 ;  105 "c:/winavr-20100110/lib/gcc/../../avr/include/util/delay_basic.h" 1
 168 00b4 0197      		1: sbiw r24,1
 169 00b6 01F4      		brne 1b
 170               	 ;  0 "" 2
 171               	/* #NOAPP */
 172               	.LBE34:
 173               	.LBE35:
 174               	.LBE36:
 175               	.LBE37:
 176               	.LM36:
 177 00b8 E092 0380 		sts -32765,r14
 178               	.LM37:
 179 00bc 7093 0280 		sts -32766,r23
 180               	.LBB38:
 181               	.LBB39:
 182               	.LBB40:
 183               	.LBB41:
 184               	.LM38:
 185 00c0 CA01      		movw r24,r20
 186               	.LVL4:
 187               	/* #APP */
 188               	 ;  105 "c:/winavr-20100110/lib/gcc/../../avr/include/util/delay_basic.h" 1
 189 00c2 0197      		1: sbiw r24,1
 190 00c4 01F4      		brne 1b
 191               	 ;  0 "" 2
 192               	/* #NOAPP */
 193               	.LBE41:
 194               	.LBE40:
 195               	.LBE39:
 196               	.LBE38:
 197               	.LM39:
 198 00c6 F092 0380 		sts -32765,r15
 199               	.LM40:
 200 00ca 6093 0280 		sts -32766,r22
 201               	.LBB42:
 202               	.LBB43:
 203               	.LBB44:
 204               	.LBB45:
 205               	.LM41:
 206 00ce CA01      		movw r24,r20
 207               	.LVL5:
 208               	/* #APP */
 209               	 ;  105 "c:/winavr-20100110/lib/gcc/../../avr/include/util/delay_basic.h" 1
 210 00d0 0197      		1: sbiw r24,1
 211 00d2 01F4      		brne 1b
 212               	 ;  0 "" 2
 213               	/* #NOAPP */
 214               	.LBE45:
 215               	.LBE44:
 216               	.LBE43:
 217               	.LBE42:
 218               	.LM42:
 219 00d4 0093 0380 		sts -32765,r16
 220               	.LM43:
 221 00d8 E093 0280 		sts -32766,r30
 222               	.LBB46:
 223               	.LBB47:
 224               	.LBB48:
 225               	.LBB49:
 226               	.LM44:
 227 00dc CA01      		movw r24,r20
 228               	.LVL6:
 229               	/* #APP */
 230               	 ;  105 "c:/winavr-20100110/lib/gcc/../../avr/include/util/delay_basic.h" 1
 231 00de 0197      		1: sbiw r24,1
 232 00e0 01F4      		brne 1b
 233               	 ;  0 "" 2
 234               	/* #NOAPP */
 235               	.LBE49:
 236               	.LBE48:
 237               	.LBE47:
 238               	.LBE46:
 239               	.LM45:
 240 00e2 2F5F      		subi r18,lo8(-(1))
 241               	.LM46:
 242 00e4 2931      		cpi r18,lo8(25)
 243 00e6 01F4      		brne .L4
 244               	.LM47:
 245 00e8 832F      		mov r24,r19
 246               	.LVL7:
 247 00ea 8F5F      		subi r24,lo8(-(1))
 248               	.LVL8:
 249 00ec 30E0      		ldi r19,lo8(0)
 250               	.LVL9:
 251               	.LM48:
 252 00ee 8D30      		cpi r24,lo8(13)
 253 00f0 01F0      		breq .+2
 254 00f2 00C0      		rjmp .L6
 255               	.LVL10:
 256 00f4 00C0      		rjmp .L5
 257               	.LFE8:
 259               	.global	segment_data
 260               		.data
 263               	segment_data:
 264 0000 3F        		.byte	63
 265 0001 06        		.byte	6
 266 0002 5B        		.byte	91
 267 0003 4F        		.byte	79
 268 0004 66        		.byte	102
 269 0005 6D        		.byte	109
 270 0006 7D        		.byte	125
 271 0007 27        		.byte	39
 272 0008 7F        		.byte	127
 273 0009 6F        		.byte	111
 274 000a 00        		.byte	0
 275               	.global	display_num
 278               	display_num:
 279 000b 0A        		.byte	10
 280 000c 0A        		.byte	10
 281 000d 0A        		.byte	10
 282 000e 02        		.byte	2
 283 000f 00        		.byte	0
 284 0010 01        		.byte	1
 285 0011 07        		.byte	7
 286 0012 01        		.byte	1
 287 0013 05        		.byte	5
 288 0014 04        		.byte	4
 289 0015 00        		.byte	0
 290 0016 00        		.byte	0
 291 0017 09        		.byte	9
 292 0018 0A        		.byte	10
 293 0019 0A        		.byte	10
 294 001a 0A        		.byte	10
 295 001b 0A        		.byte	10
 328               	.Letext0:
DEFINED SYMBOLS
                            *ABS*:00000000 segment1.c
C:\Users\辫己林\AppData\Local\Temp/ccJP535j.s:2      *ABS*:0000003f __SREG__
C:\Users\辫己林\AppData\Local\Temp/ccJP535j.s:3      *ABS*:0000003e __SP_H__
C:\Users\辫己林\AppData\Local\Temp/ccJP535j.s:4      *ABS*:0000003d __SP_L__
C:\Users\辫己林\AppData\Local\Temp/ccJP535j.s:5      *ABS*:00000034 __CCP__
C:\Users\辫己林\AppData\Local\Temp/ccJP535j.s:6      *ABS*:00000000 __tmp_reg__
C:\Users\辫己林\AppData\Local\Temp/ccJP535j.s:7      *ABS*:00000001 __zero_reg__
C:\Users\辫己林\AppData\Local\Temp/ccJP535j.s:18     .text:00000000 port_init
C:\Users\辫己林\AppData\Local\Temp/ccJP535j.s:60     .text:0000002a main
C:\Users\辫己林\AppData\Local\Temp/ccJP535j.s:278    .data:0000000b display_num
C:\Users\辫己林\AppData\Local\Temp/ccJP535j.s:263    .data:00000000 segment_data

UNDEFINED SYMBOLS
__udivmodqi4
__do_copy_data
